---
source: crates/ruff_linter/src/rules/pycodestyle/mod.rs
---
E20.py:51:10: E203 [*] Whitespace before ':'
   |
50 | #: E203:1:10
51 | if x == 4 :
   |          ^ E203
52 |     print x, y
53 |     x, y = y, x
   |
   = help: Remove whitespace before ':'

ℹ Safe fix
48 48 | 
49 49 | 
50 50 | #: E203:1:10
51    |-if x == 4 :
   51 |+if x == 4:
52 52 |     print x, y
53 53 |     x, y = y, x
54 54 | #: E203:1:10

E20.py:55:10: E203 [*] Whitespace before ':'
   |
53 |     x, y = y, x
54 | #: E203:1:10
55 | if x == 4   :
   |          ^^^ E203
56 |     print x, y
57 |     x, y = y, x
   |
   = help: Remove whitespace before ':'

ℹ Safe fix
52 52 |     print x, y
53 53 |     x, y = y, x
54 54 | #: E203:1:10
55    |-if x == 4	:
   55 |+if x == 4:
56 56 |     print x, y
57 57 |     x, y = y, x
58 58 | #: E203:2:15 E702:2:16

E20.py:60:15: E203 [*] Whitespace before ';'
   |
58 | #: E203:2:15 E702:2:16
59 | if x == 4:
60 |     print x, y ; x, y = y, x
   |               ^ E203
61 | #: E203:2:15 E702:2:16
62 | if x == 4:
   |
   = help: Remove whitespace before ';'

ℹ Safe fix
57 57 |     x, y = y, x
58 58 | #: E203:2:15 E702:2:16
59 59 | if x == 4:
60    |-    print x, y ; x, y = y, x
   60 |+    print x, y; x, y = y, x
61 61 | #: E203:2:15 E702:2:16
62 62 | if x == 4:
63 63 |     print x, y	; x, y = y, x

E20.py:63:15: E203 [*] Whitespace before ';'
   |
61 | #: E203:2:15 E702:2:16
62 | if x == 4:
63 |     print x, y  ; x, y = y, x
   |               ^^ E203
64 | #: E203:3:13
65 | if x == 4:
   |
   = help: Remove whitespace before ';'

ℹ Safe fix
60 60 |     print x, y ; x, y = y, x
61 61 | #: E203:2:15 E702:2:16
62 62 | if x == 4:
63    |-    print x, y	; x, y = y, x
   63 |+    print x, y; x, y = y, x
64 64 | #: E203:3:13
65 65 | if x == 4:
66 66 |     print x, y

E20.py:67:13: E203 [*] Whitespace before ','
   |
65 | if x == 4:
66 |     print x, y
67 |     x, y = y , x
   |             ^ E203
68 | #: E203:3:13
69 | if x == 4:
   |
   = help: Remove whitespace before ','

ℹ Safe fix
64 64 | #: E203:3:13
65 65 | if x == 4:
66 66 |     print x, y
67    |-    x, y = y , x
   67 |+    x, y = y, x
68 68 | #: E203:3:13
69 69 | if x == 4:
70 70 |     print x, y

E20.py:71:13: E203 [*] Whitespace before ','
   |
69 | if x == 4:
70 |     print x, y
71 |     x, y = y    , x
   |             ^^^^ E203
72 | #: Okay
73 | if x == 4:
   |
   = help: Remove whitespace before ','

ℹ Safe fix
68 68 | #: E203:3:13
69 69 | if x == 4:
70 70 |     print x, y
71    |-    x, y = y	, x
   71 |+    x, y = y, x
72 72 | #: Okay
73 73 | if x == 4:
74 74 |     print x, y

E20.py:86:61: E203 [*] Whitespace before ':'
   |
84 | #: E203 multi whitespace before :
85 | predictions = predictions[
86 |     len(past_covariates) // datamodule.hparams["downsample"]  :
   |                                                             ^^ E203
87 | ]
   |
   = help: Remove whitespace before ':'

ℹ Safe fix
83 83 | 
84 84 | #: E203 multi whitespace before :
85 85 | predictions = predictions[
86    |-    len(past_covariates) // datamodule.hparams["downsample"]  :
   86 |+    len(past_covariates) // datamodule.hparams["downsample"] :
87 87 | ]
88 88 | 
89 89 | #: E203 tab before :

E20.py:91:61: E203 [*] Whitespace before ':'
   |
89 | #: E203 tab before :
90 | predictions = predictions[
91 |     len(past_covariates) // datamodule.hparams["downsample"]    :
   |                                                             ^^^^ E203
92 | ]
93 | #:
   |
   = help: Remove whitespace before ':'

ℹ Safe fix
88 88 | 
89 89 | #: E203 tab before :
90 90 | predictions = predictions[
91    |-    len(past_covariates) // datamodule.hparams["downsample"]	:
   91 |+    len(past_covariates) // datamodule.hparams["downsample"] :
92 92 | ]
93 93 | #:
94 94 | 

E20.py:115:19: E203 [*] Whitespace before ':'
    |
114 | #: E203:1:19
115 | ham{lower + offset : upper + offset}
    |                   ^ E203
116 | 
117 | #: E203:1:19
    |
    = help: Remove whitespace before ':'

ℹ Safe fix
112 112 | ham[(lower + offset) : upper + offset]
113 113 | 
114 114 | #: E203:1:19
115     |-ham{lower + offset : upper + offset}
    115 |+ham{lower + offset: upper + offset}
116 116 | 
117 117 | #: E203:1:19
118 118 | ham[lower + offset  : upper + offset]

E20.py:118:19: E203 [*] Whitespace before ':'
    |
117 | #: E203:1:19
118 | ham[lower + offset  : upper + offset]
    |                   ^^ E203
119 | 
120 | #: Okay
    |
    = help: Remove whitespace before ':'

ℹ Safe fix
115 115 | ham{lower + offset : upper + offset}
116 116 | 
117 117 | #: E203:1:19
118     |-ham[lower + offset  : upper + offset]
    118 |+ham[lower + offset: upper + offset]
119 119 | 
120 120 | #: Okay
121 121 | release_lines = history_file_lines[history_file_lines.index('## Unreleased') + 1: -1]

E20.py:146:21: E203 [*] Whitespace before ':'
    |
145 | #: E203:1:21
146 | ham[lower + offset : : upper + offset]
    |                     ^ E203
147 | 
148 | #: E203:1:20
    |
    = help: Remove whitespace before ':'

ℹ Safe fix
143 143 | ham[lower + offset::upper + offset]
144 144 | 
145 145 | #: E203:1:21
146     |-ham[lower + offset : : upper + offset]
    146 |+ham[lower + offset :: upper + offset]
147 147 | 
148 148 | #: E203:1:20
149 149 | ham[lower + offset: :upper + offset]

E20.py:149:20: E203 [*] Whitespace before ':'
    |
148 | #: E203:1:20
149 | ham[lower + offset: :upper + offset]
    |                    ^ E203
150 | 
151 | #: E203:1:20
    |
    = help: Remove whitespace before ':'

ℹ Safe fix
146 146 | ham[lower + offset : : upper + offset]
147 147 | 
148 148 | #: E203:1:20
149     |-ham[lower + offset: :upper + offset]
    149 |+ham[lower + offset::upper + offset]
150 150 | 
151 151 | #: E203:1:20
152 152 | ham[{lower + offset : upper + offset} : upper + offset]

E20.py:152:20: E203 [*] Whitespace before ':'
    |
151 | #: E203:1:20
152 | ham[{lower + offset : upper + offset} : upper + offset]
    |                    ^ E203
153 | 
154 | #: Okay
    |
    = help: Remove whitespace before ':'

ℹ Safe fix
149 149 | ham[lower + offset: :upper + offset]
150 150 | 
151 151 | #: E203:1:20
152     |-ham[{lower + offset : upper + offset} : upper + offset]
    152 |+ham[{lower + offset: upper + offset} : upper + offset]
153 153 | 
154 154 | #: Okay
155 155 | ham[upper:]

E20.py:164:10: E203 [*] Whitespace before ':'
    |
163 | #: E203:1:10
164 | ham[upper  :]
    |          ^^ E203
165 | 
166 | #: Okay
    |
    = help: Remove whitespace before ':'

ℹ Safe fix
161 161 | ham[upper : ]
162 162 | 
163 163 | #: E203:1:10
164     |-ham[upper  :]
    164 |+ham[upper:]
165 165 | 
166 166 | #: Okay
167 167 | ham[lower +1 :, "columnname"]

E20.py:170:14: E203 [*] Whitespace before ':'
    |
169 | #: E203:1:13
170 | ham[lower + 1  :, "columnname"]
    |              ^^ E203
171 | 
172 | #: Okay
    |
    = help: Remove whitespace before ':'

ℹ Safe fix
167 167 | ham[lower +1 :, "columnname"]
168 168 | 
169 169 | #: E203:1:13
170     |-ham[lower + 1  :, "columnname"]
    170 |+ham[lower + 1:, "columnname"]
171 171 | 
172 172 | #: Okay
173 173 | f"{ham[lower +1 :, "columnname"]}"

E20.py:176:17: E203 [*] Whitespace before ':'
    |
175 | #: E203:1:13
176 | f"{ham[lower + 1  :, "columnname"]}"
    |                 ^^ E203
    |
    = help: Remove whitespace before ':'

ℹ Safe fix
173 173 | f"{ham[lower +1 :, "columnname"]}"
174 174 | 
175 175 | #: E203:1:13
176     |-f"{ham[lower + 1  :, "columnname"]}"
    176 |+f"{ham[lower + 1:, "columnname"]}"
