---
source: crates/ruff_linter/src/rules/pycodestyle/mod.rs
---
E20.py:19:23: E202 [*] Whitespace before ')'
   |
18 | #: E202:1:23
19 | spam(ham[1], {eggs: 2} )
   |                       ^ E202
20 | #: E202:1:22
21 | spam(ham[1], {eggs: 2 })
   |
   = help: Remove whitespace before ')'

ℹ Safe fix
16 16 | 
17 17 | 
18 18 | #: E202:1:23
19    |-spam(ham[1], {eggs: 2} )
   19 |+spam(ham[1], {eggs: 2})
20 20 | #: E202:1:22
21 21 | spam(ham[1], {eggs: 2 })
22 22 | #: E202:1:11

E20.py:21:22: E202 [*] Whitespace before '}'
   |
19 | spam(ham[1], {eggs: 2} )
20 | #: E202:1:22
21 | spam(ham[1], {eggs: 2 })
   |                      ^ E202
22 | #: E202:1:11
23 | spam(ham[1 ], {eggs: 2})
   |
   = help: Remove whitespace before '}'

ℹ Safe fix
18 18 | #: E202:1:23
19 19 | spam(ham[1], {eggs: 2} )
20 20 | #: E202:1:22
21    |-spam(ham[1], {eggs: 2 })
   21 |+spam(ham[1], {eggs: 2})
22 22 | #: E202:1:11
23 23 | spam(ham[1 ], {eggs: 2})
24 24 | #: E202:1:23

E20.py:23:11: E202 [*] Whitespace before ']'
   |
21 | spam(ham[1], {eggs: 2 })
22 | #: E202:1:11
23 | spam(ham[1 ], {eggs: 2})
   |           ^ E202
24 | #: E202:1:23
25 | spam(ham[1], {eggs: 2}  )
   |
   = help: Remove whitespace before ']'

ℹ Safe fix
20 20 | #: E202:1:22
21 21 | spam(ham[1], {eggs: 2 })
22 22 | #: E202:1:11
23    |-spam(ham[1 ], {eggs: 2})
   23 |+spam(ham[1], {eggs: 2})
24 24 | #: E202:1:23
25 25 | spam(ham[1], {eggs: 2}	)
26 26 | #: E202:1:22

E20.py:25:23: E202 [*] Whitespace before ')'
   |
23 | spam(ham[1 ], {eggs: 2})
24 | #: E202:1:23
25 | spam(ham[1], {eggs: 2}  )
   |                       ^^ E202
26 | #: E202:1:22
27 | spam(ham[1], {eggs: 2   })
   |
   = help: Remove whitespace before ')'

ℹ Safe fix
22 22 | #: E202:1:11
23 23 | spam(ham[1 ], {eggs: 2})
24 24 | #: E202:1:23
25    |-spam(ham[1], {eggs: 2}	)
   25 |+spam(ham[1], {eggs: 2})
26 26 | #: E202:1:22
27 27 | spam(ham[1], {eggs: 2	})
28 28 | #: E202:1:11

E20.py:27:22: E202 [*] Whitespace before '}'
   |
25 | spam(ham[1], {eggs: 2}  )
26 | #: E202:1:22
27 | spam(ham[1], {eggs: 2   })
   |                      ^^^ E202
28 | #: E202:1:11
29 | spam(ham[1  ], {eggs: 2})
   |
   = help: Remove whitespace before '}'

ℹ Safe fix
24 24 | #: E202:1:23
25 25 | spam(ham[1], {eggs: 2}	)
26 26 | #: E202:1:22
27    |-spam(ham[1], {eggs: 2	})
   27 |+spam(ham[1], {eggs: 2})
28 28 | #: E202:1:11
29 29 | spam(ham[1	], {eggs: 2})
30 30 | #: Okay

E20.py:29:11: E202 [*] Whitespace before ']'
   |
27 | spam(ham[1], {eggs: 2   })
28 | #: E202:1:11
29 | spam(ham[1  ], {eggs: 2})
   |           ^^ E202
30 | #: Okay
31 | spam(ham[1], {eggs: 2})
   |
   = help: Remove whitespace before ']'

ℹ Safe fix
26 26 | #: E202:1:22
27 27 | spam(ham[1], {eggs: 2	})
28 28 | #: E202:1:11
29    |-spam(ham[1	], {eggs: 2})
   29 |+spam(ham[1], {eggs: 2})
30 30 | #: Okay
31 31 | spam(ham[1], {eggs: 2})
32 32 | 

E20.py:105:18: E202 [*] Whitespace before ']'
    |
103 | # F-strings
104 | f"{ {'a': 1} }"
105 | f"{[ { {'a': 1} } ]}"
    |                  ^ E202
106 | f"normal { {f"{ { [1, 2] } }" } } normal"
    |
    = help: Remove whitespace before ']'

ℹ Safe fix
102 102 | 
103 103 | # F-strings
104 104 | f"{ {'a': 1} }"
105     |-f"{[ { {'a': 1} } ]}"
    105 |+f"{[ { {'a': 1} }]}"
106 106 | f"normal { {f"{ { [1, 2] } }" } } normal"
107 107 | 
108 108 | #: Okay

E20.py:161:12: E202 [*] Whitespace before ']'
    |
160 | #: E202:1:12
161 | ham[upper : ]
    |            ^ E202
162 | 
163 | #: E203:1:10
    |
    = help: Remove whitespace before ']'

ℹ Safe fix
158 158 | ham[upper :]
159 159 | 
160 160 | #: E202:1:12
161     |-ham[upper : ]
    161 |+ham[upper :]
162 162 | 
163 163 | #: E203:1:10
164 164 | ham[upper  :]
