---
source: crates/ruff_linter/src/rules/pycodestyle/mod.rs
---
E20.py:2:6: E201 [*] Whitespace after '('
  |
1 | #: E201:1:6
2 | spam( ham[1], {eggs: 2})
  |      ^ E201
3 | #: E201:1:10
4 | spam(ham[ 1], {eggs: 2})
  |
  = help: Remove whitespace before '('

ℹ Safe fix
1 1 | #: E201:1:6
2   |-spam( ham[1], {eggs: 2})
  2 |+spam(ham[1], {eggs: 2})
3 3 | #: E201:1:10
4 4 | spam(ham[ 1], {eggs: 2})
5 5 | #: E201:1:15

E20.py:4:10: E201 [*] Whitespace after '['
  |
2 | spam( ham[1], {eggs: 2})
3 | #: E201:1:10
4 | spam(ham[ 1], {eggs: 2})
  |          ^ E201
5 | #: E201:1:15
6 | spam(ham[1], { eggs: 2})
  |
  = help: Remove whitespace before '['

ℹ Safe fix
1 1 | #: E201:1:6
2 2 | spam( ham[1], {eggs: 2})
3 3 | #: E201:1:10
4   |-spam(ham[ 1], {eggs: 2})
  4 |+spam(ham[1], {eggs: 2})
5 5 | #: E201:1:15
6 6 | spam(ham[1], { eggs: 2})
7 7 | #: E201:1:6

E20.py:6:15: E201 [*] Whitespace after '{'
  |
4 | spam(ham[ 1], {eggs: 2})
5 | #: E201:1:15
6 | spam(ham[1], { eggs: 2})
  |               ^ E201
7 | #: E201:1:6
8 | spam(   ham[1], {eggs: 2})
  |
  = help: Remove whitespace before '{'

ℹ Safe fix
3 3 | #: E201:1:10
4 4 | spam(ham[ 1], {eggs: 2})
5 5 | #: E201:1:15
6   |-spam(ham[1], { eggs: 2})
  6 |+spam(ham[1], {eggs: 2})
7 7 | #: E201:1:6
8 8 | spam(	ham[1], {eggs: 2})
9 9 | #: E201:1:10

E20.py:8:6: E201 [*] Whitespace after '('
   |
 6 | spam(ham[1], { eggs: 2})
 7 | #: E201:1:6
 8 | spam(   ham[1], {eggs: 2})
   |      ^^^ E201
 9 | #: E201:1:10
10 | spam(ham[   1], {eggs: 2})
   |
   = help: Remove whitespace before '('

ℹ Safe fix
5 5 | #: E201:1:15
6 6 | spam(ham[1], { eggs: 2})
7 7 | #: E201:1:6
8   |-spam(	ham[1], {eggs: 2})
  8 |+spam(ham[1], {eggs: 2})
9 9 | #: E201:1:10
10 10 | spam(ham[	1], {eggs: 2})
11 11 | #: E201:1:15

E20.py:10:10: E201 [*] Whitespace after '['
   |
 8 | spam(   ham[1], {eggs: 2})
 9 | #: E201:1:10
10 | spam(ham[   1], {eggs: 2})
   |          ^^^ E201
11 | #: E201:1:15
12 | spam(ham[1], {  eggs: 2})
   |
   = help: Remove whitespace before '['

ℹ Safe fix
7  7  | #: E201:1:6
8  8  | spam(	ham[1], {eggs: 2})
9  9  | #: E201:1:10
10    |-spam(ham[	1], {eggs: 2})
   10 |+spam(ham[1], {eggs: 2})
11 11 | #: E201:1:15
12 12 | spam(ham[1], {	eggs: 2})
13 13 | #: Okay

E20.py:12:15: E201 [*] Whitespace after '{'
   |
10 | spam(ham[   1], {eggs: 2})
11 | #: E201:1:15
12 | spam(ham[1], {  eggs: 2})
   |               ^^ E201
13 | #: Okay
14 | spam(ham[1], {eggs: 2})
   |
   = help: Remove whitespace before '{'

ℹ Safe fix
9  9  | #: E201:1:10
10 10 | spam(ham[	1], {eggs: 2})
11 11 | #: E201:1:15
12    |-spam(ham[1], {	eggs: 2})
   12 |+spam(ham[1], {eggs: 2})
13 13 | #: Okay
14 14 | spam(ham[1], {eggs: 2})
15 15 | #:

E20.py:96:6: E201 [*] Whitespace after '['
   |
95 | #: E201:1:6
96 | spam[ ~ham]
   |      ^ E201
97 | 
98 | #: Okay
   |
   = help: Remove whitespace before '['

ℹ Safe fix
93 93 | #:
94 94 | 
95 95 | #: E201:1:6
96    |-spam[ ~ham]
   96 |+spam[~ham]
97 97 | 
98 98 | #: Okay
99 99 | x = [  #

E20.py:105:5: E201 [*] Whitespace after '['
    |
103 | # F-strings
104 | f"{ {'a': 1} }"
105 | f"{[ { {'a': 1} } ]}"
    |     ^ E201
106 | f"normal { {f"{ { [1, 2] } }" } } normal"
    |
    = help: Remove whitespace before '['

ℹ Safe fix
102 102 | 
103 103 | # F-strings
104 104 | f"{ {'a': 1} }"
105     |-f"{[ { {'a': 1} } ]}"
    105 |+f"{[{ {'a': 1} } ]}"
106 106 | f"normal { {f"{ { [1, 2] } }" } } normal"
107 107 | 
108 108 | #: Okay

E20.py:134:5: E201 [*] Whitespace after '['
    |
133 | #: E201:1:5
134 | ham[ : upper]
    |     ^ E201
135 | 
136 | #: Okay
    |
    = help: Remove whitespace before '['

ℹ Safe fix
131 131 | ham[lower + offset : upper + offset]
132 132 | 
133 133 | #: E201:1:5
134     |-ham[ : upper]
    134 |+ham[: upper]
135 135 | 
136 136 | #: Okay
137 137 | ham[lower + offset :: upper + offset]
